Name            | ... | Type | Size    | Created
------------------------------------------------------------
barrrr          | ... | F    | 0.00B   | 2020-05-31 12:00:00
foo             | ... | F    | 0.00B   | 2020-05-31 12:00:00
Ö               | ... | F    | 0.00B   | 2020-05-31 12:00:00
Ä               | ... | F    | 0.00B   | 2020-05-31 12:00:00
Öa              | ... | F    | 0.00B   | 2020-05-31 12:00:00
ɑÖɣÄ            | ... | F    | 0.00B   | 2020-05-31 12:00:00
--------------------------------------------------------------------------------
