2020-05-31 12:00:00 <dir>/f1
--------------------------------------------------------------------------------

Name:      f1
Original:  <dir>/f1
Type:      File
Size:      0.00B
Created:   2020-05-31 12:00:00

Permanently delete (y/n)? 
No paths permanently deleted.
--------------------------------------------------------------------------------
2020-05-31 12:00:00 <dir>/f1
--------------------------------------------------------------------------------
