2020-05-31 12:00:00 <dir>/f1
--------------------------------------------------------------------------------
No entry for 'bad file'
--------------------------------------------------------------------------------

No paths restored.

--------------------------------------------------------------------------------
2020-05-31 12:00:00 <dir>/f1
--------------------------------------------------------------------------------
