2020-05-31 12:00:00 <dir>/f1
--------------------------------------------------------------------------------
Cannot restore the trash file 'f1' as one exists at the original location: '<dir>/f1'
--------------------------------------------------------------------------------

No paths restored.

--------------------------------------------------------------------------------
2020-05-31 12:00:00 <dir>/f1
--------------------------------------------------------------------------------
