Name  | Type | Size    | Original                | Created
----------------------------------------------------------------------
bazzz | F    | 5.00K   | /path/bar/bazzz         | 2020-05-31 12:00:00
d     | D    | 5000... | /d                      | 2020-05-31 12:00:00
dir   | D    | 20.23K  | /some/really/really/... | 2020-05-31 12:00:00
f     | F    | 13.07M  | /foo/path/f             | 2020-05-31 12:00:00
foo   | F    | 70.00B  | /path/foo               | 2020-05-31 12:00:00
z     | F    | 200.12K | /z                      | 2020-05-31 12:00:00