TERMINAL LIST
Type:     Directory
Name:     dir1
Original: <dir>/safe-rm/functional/m1/dir1
Size:     5.00B
Created:  2020-05-31 12:00:00

Type:     Directory
Name:     dir2
Original: <dir>/safe-rm/functional/m1/dir2
Size:     5.00B
Created:  2020-05-31 12:00:00

Type:     File
Name:     f1
Original: <dir>/safe-rm/functional/m1/f1
Size:     5.00B
Created:  2020-05-31 12:00:00

Type:     File
Name:     f2
Original: <dir>/safe-rm/functional/m1/f2
Size:     5.00B
Created:  2020-05-31 12:00:00

Type:     File
Name:     f3
Original: <dir>/safe-rm/functional/m1/f3
Size:     5.00B
Created:  2020-05-31 12:00:00

Entries:      5
Total Files:  4
Log size:     0.00B
Size:         0.00B 



TERMINAL METADATA
Entries:      5
Total Files:  4
Log size:     0.00B
Size:         0.00B 



LOGS METADATA
[2020-05-31 12:00:00][functional.getMetadata][Debug][src/SafeRm.hs] Trash home: <dir>/safe-rm/functional/m1/.trash
[2020-05-31 12:00:00][functional.getMetadata.toMetadata.readIndex][Debug][src/SafeRm/Data/Index.hs] Trash info: <dir>/safe-rm/functional/m1/.trash/info
[2020-05-31 12:00:00][functional.getMetadata.toMetadata.readIndex][Debug][src/SafeRm/Data/Index.hs] Info: ["f1.info","dir2.info","f2.info","f3.info","dir1.info"]
[2020-05-31 12:00:00][functional.getMetadata.toMetadata.readIndex][Debug][src/SafeRm/Data/Index.hs] Path: <dir>/safe-rm/functional/m1/.trash/info/f1.info
[2020-05-31 12:00:00][functional.getMetadata.toMetadata.readIndex][Debug][src/SafeRm/Data/Index.hs] Contents: {"created":"2020-05-31 12:00:00","original":"<dir>/safe-rm/functional/m1/f1","size":5,"type":"f"}
[2020-05-31 12:00:00][functional.getMetadata.toMetadata.readIndex][Debug][src/SafeRm/Data/Index.hs] Path: <dir>/safe-rm/functional/m1/.trash/info/dir2.info
[2020-05-31 12:00:00][functional.getMetadata.toMetadata.readIndex][Debug][src/SafeRm/Data/Index.hs] Contents: {"created":"2020-05-31 12:00:00","original":"<dir>/safe-rm/functional/m1/dir2","size":5,"type":"d"}
[2020-05-31 12:00:00][functional.getMetadata.toMetadata.readIndex][Debug][src/SafeRm/Data/Index.hs] Path: <dir>/safe-rm/functional/m1/.trash/info/f2.info
[2020-05-31 12:00:00][functional.getMetadata.toMetadata.readIndex][Debug][src/SafeRm/Data/Index.hs] Contents: {"created":"2020-05-31 12:00:00","original":"<dir>/safe-rm/functional/m1/f2","size":5,"type":"f"}
[2020-05-31 12:00:00][functional.getMetadata.toMetadata.readIndex][Debug][src/SafeRm/Data/Index.hs] Path: <dir>/safe-rm/functional/m1/.trash/info/f3.info
[2020-05-31 12:00:00][functional.getMetadata.toMetadata.readIndex][Debug][src/SafeRm/Data/Index.hs] Contents: {"created":"2020-05-31 12:00:00","original":"<dir>/safe-rm/functional/m1/f3","size":5,"type":"f"}
[2020-05-31 12:00:00][functional.getMetadata.toMetadata.readIndex][Debug][src/SafeRm/Data/Index.hs] Path: <dir>/safe-rm/functional/m1/.trash/info/dir1.info
[2020-05-31 12:00:00][functional.getMetadata.toMetadata.readIndex][Debug][src/SafeRm/Data/Index.hs] Contents: {"created":"2020-05-31 12:00:00","original":"<dir>/safe-rm/functional/m1/dir1","size":5,"type":"d"}
[2020-05-31 12:00:00][functional.getMetadata.toMetadata.readIndex][Debug][src/SafeRm/Data/Index.hs] Paths: ["f2","f3","dir2","dir1","f1"]
[2020-05-31 12:00:00][functional.getMetadata.toMetadata][Debug][src/SafeRm/Data/Metadata.hs] Index size: 5
[2020-05-31 12:00:00][functional.getMetadata.toMetadata][Debug][src/SafeRm/Data/Metadata.hs] Num entries: 5
[2020-05-31 12:00:00][functional.getMetadata.toMetadata][Debug][src/SafeRm/Data/Metadata.hs] Log does not exist
[2020-05-31 12:00:00][functional.getMetadata.toMetadata][Debug][src/SafeRm/Data/Metadata.hs] Num all files: 4
[2020-05-31 12:00:00][functional.getMetadata.toMetadata][Debug][src/SafeRm/Data/Metadata.hs] Total size: MkSomeSize SB (MkBytes 0.0)
