EXCEPTION LIST
The path 'missing' was not found in '<dir>/safe-rm/functional/l3/.trash/paths' despite being listed in '<dir>/safe-rm/functional/l3/.trash/info'. This can be fixed by manually deleting the .info file or deleting everything (i.e. sr e).

LOGS LIST
[2020-05-31 12:00:00][functional.getIndex][Debug][src/SafeRm.hs] Trash home: <dir>/safe-rm/functional/l3/.trash
[2020-05-31 12:00:00][functional.getIndex.readIndex][Debug][src/SafeRm/Data/Index.hs] Trash info: <dir>/safe-rm/functional/l3/.trash/info
[2020-05-31 12:00:00][functional.getIndex.readIndex][Debug][src/SafeRm/Data/Index.hs] Info: ["missing.info"]
[2020-05-31 12:00:00][functional.getIndex.readIndex][Debug][src/SafeRm/Data/Index.hs] Path: <dir>/safe-rm/functional/l3/.trash/info/missing.info
[2020-05-31 12:00:00][functional][Error][src/SafeRm/Runner.hs] The path 'missing' was not found in '<dir>/safe-rm/functional/l3/.trash/paths' despite being listed in '<dir>/safe-rm/functional/l3/.trash/info'. This can be fixed by manually deleting the .info file or deleting everything (i.e. sr e).
