TERMINAL LIST 1
Type:     File
Name:     f1
Original: <dir>/safe-rm/functional/r5/f1
Size:     5.00B
Created:  2020-05-31 12:00:00

Type:     File
Name:     f2
Original: <dir>/safe-rm/functional/r5/f2
Size:     5.00B
Created:  2020-05-31 12:00:00

Type:     File
Name:     f5
Original: <dir>/safe-rm/functional/r5/f5
Size:     5.00B
Created:  2020-05-31 12:00:00

Entries:      3
Total Files:  3
Log size:     0.00B
Size:         0.00B 



EXCEPTION RESTORE
ExitFailure 1

LOGS RESTORE
[2020-05-31 12:00:00][functional.restore][Debug][src/SafeRm.hs] Trash home: <dir>/safe-rm/functional/r5/.trash
[2020-05-31 12:00:00][functional.restore.restoring.mvTrashToOriginal][Debug][src/SafeRm/Trash.hs] Restoring: f1
[2020-05-31 12:00:00][functional.restore.restoring.mvTrashToOriginal][Debug][src/SafeRm/Trash.hs] Restored: MkPathData {pathType = PathTypeFile, fileName = MkPathI {unPathI = "f1"}, originalPath = MkPathI {unPathI = "<dir>/safe-rm/functional/r5/f1"}, size = MkBytes 5, created = MkTimestamp {unTimestamp = 2020-05-31 12:00:00}}
[2020-05-31 12:00:00][functional.restore.restoring.mvTrashToOriginal][Debug][src/SafeRm/Trash.hs] Restoring: f2
[2020-05-31 12:00:00][functional.restore.restoring.mvTrashToOriginal][Debug][src/SafeRm/Trash.hs] Restored: MkPathData {pathType = PathTypeFile, fileName = MkPathI {unPathI = "f2"}, originalPath = MkPathI {unPathI = "<dir>/safe-rm/functional/r5/f2"}, size = MkBytes 5, created = MkTimestamp {unTimestamp = 2020-05-31 12:00:00}}
[2020-05-31 12:00:00][functional.restore.restoring.mvTrashToOriginal][Debug][src/SafeRm/Trash.hs] Restoring: f3
[2020-05-31 12:00:00][functional.restore.restoring][Warn][src/SafeRm.hs] No entry for 'f3'; did not find '<dir>/safe-rm/functional/r5/.trash/info/f3.json'
[2020-05-31 12:00:00][functional.restore.restoring.mvTrashToOriginal][Debug][src/SafeRm/Trash.hs] Restoring: f4
[2020-05-31 12:00:00][functional.restore.restoring][Warn][src/SafeRm.hs] No entry for 'f4'; did not find '<dir>/safe-rm/functional/r5/.trash/info/f4.json'
[2020-05-31 12:00:00][functional.restore.restoring.mvTrashToOriginal][Debug][src/SafeRm/Trash.hs] Restoring: f5
[2020-05-31 12:00:00][functional.restore.restoring.mvTrashToOriginal][Debug][src/SafeRm/Trash.hs] Restored: MkPathData {pathType = PathTypeFile, fileName = MkPathI {unPathI = "f5"}, originalPath = MkPathI {unPathI = "<dir>/safe-rm/functional/r5/f5"}, size = MkBytes 5, created = MkTimestamp {unTimestamp = 2020-05-31 12:00:00}}
[2020-05-31 12:00:00][functional][Error][src/SafeRm/Runner.hs] ExitFailure 1


TERMINAL LIST 2


Entries:      0
Total Files:  0
Log size:     0.00B
Size:         0.00B 

