TERMINAL LIST
Type:     File
Name:     f1
Original: <dir>/safe-rm/functional/r3/f1
Size:     5.00B
Created:  2020-05-31 12:00:00

Entries:      1
Total Files:  1
Log size:     0.00B
Size:         0.00B 



EXCEPTION RESTORE
ExitFailure 1

LOGS RESTORE
[2020-05-31 12:00:00][functional.restore][Debug][src/SafeRm.hs] Trash home: <dir>/safe-rm/functional/r3/.trash
[2020-05-31 12:00:00][functional.restore.restoring.mvTrashToOriginal][Debug][src/SafeRm/Trash.hs] Restoring: bad file
[2020-05-31 12:00:00][functional.restore.restoring][Warn][src/SafeRm.hs] No entry for 'bad file'; did not find '<dir>/safe-rm/functional/r3/.trash/info/bad file.info'
[2020-05-31 12:00:00][functional][Error][src/SafeRm/Runner.hs] ExitFailure 1
