TERMINAL EMPTY

Entries:      5
Total Files:  5
Log size:     0.00B
Size:         0.00B 

Permanently delete all contents (y/n)? 


LOGS EMPTY
[2020-05-31 12:00:00][functional.emptyTrash][Debug][src/SafeRm.hs] Trash home: <dir>/safe-rm/functional/e3/.trash
[2020-05-31 12:00:00][functional.emptyTrash.getMetadata][Debug][src/SafeRm.hs] Trash home: <dir>/safe-rm/functional/e3/.trash
[2020-05-31 12:00:00][functional.emptyTrash.getMetadata.toMetadata.readIndex][Debug][src/SafeRm/Data/Index.hs] Trash info: <dir>/safe-rm/functional/e3/.trash/info
[2020-05-31 12:00:00][functional.emptyTrash.getMetadata.toMetadata.readIndex][Debug][src/SafeRm/Data/Index.hs] Info: [...]
[2020-05-31 12:00:00][functional.emptyTrash.getMetadata.toMetadata.readIndex][Debug][src/SafeRm/Data/Index.hs] Path: ...
[2020-05-31 12:00:00][functional.emptyTrash.getMetadata.toMetadata.readIndex][Debug][src/SafeRm/Data/Index.hs] Path: ...
[2020-05-31 12:00:00][functional.emptyTrash.getMetadata.toMetadata.readIndex][Debug][src/SafeRm/Data/Index.hs] Path: ...
[2020-05-31 12:00:00][functional.emptyTrash.getMetadata.toMetadata.readIndex][Debug][src/SafeRm/Data/Index.hs] Path: ...
[2020-05-31 12:00:00][functional.emptyTrash.getMetadata.toMetadata.readIndex][Debug][src/SafeRm/Data/Index.hs] Path: ...
[2020-05-31 12:00:00][functional.emptyTrash.getMetadata.toMetadata.readIndex][Debug][src/SafeRm/Data/Index.hs] Paths: [...]
[2020-05-31 12:00:00][functional.emptyTrash.getMetadata.toMetadata][Debug][src/SafeRm/Data/Metadata.hs] Index size: 5
[2020-05-31 12:00:00][functional.emptyTrash.getMetadata.toMetadata][Debug][src/SafeRm/Data/Metadata.hs] Num entries: 5
[2020-05-31 12:00:00][functional.emptyTrash.getMetadata.toMetadata][Debug][src/SafeRm/Data/Metadata.hs] Log does not exist
[2020-05-31 12:00:00][functional.emptyTrash.getMetadata.toMetadata][Debug][src/SafeRm/Data/Metadata.hs] Num all files: 5
[2020-05-31 12:00:00][functional.emptyTrash.getMetadata.toMetadata][Debug][src/SafeRm/Data/Metadata.hs] Total size: MkSomeSize SB (MkBytes 0.0)
[2020-05-31 12:00:00][functional.emptyTrash][Debug][src/SafeRm.hs] Not deleting contents.


TERMINAL LIST
Type:     File
Name:     1
Original: <dir>/safe-rm/functional/e3/1
Size:     5.00B
Created:  2020-05-31 12:00:00

Type:     File
Name:     2
Original: <dir>/safe-rm/functional/e3/2
Size:     5.00B
Created:  2020-05-31 12:00:00

Type:     File
Name:     3
Original: <dir>/safe-rm/functional/e3/3
Size:     5.00B
Created:  2020-05-31 12:00:00

Type:     File
Name:     4
Original: <dir>/safe-rm/functional/e3/4
Size:     5.00B
Created:  2020-05-31 12:00:00

Type:     File
Name:     5
Original: <dir>/safe-rm/functional/e3/5
Size:     5.00B
Created:  2020-05-31 12:00:00

Entries:      5
Total Files:  5
Log size:     0.00B
Size:         0.00B 

