Name:      foo
Type:      File
Original:  /path/foo
Size:      70.00B
Created:   2020-05-31 12:00:00

Name:      bazzz
Type:      File
Original:  /path/bar/bazzz
Size:      5.00K
Created:   2020-05-31 12:00:00

Name:      dir
Type:      Directory
Original:  /some/really/really/long/dir
Size:      20.23K
Created:   2020-05-31 12:00:00

Name:      z
Type:      File
Original:  /z
Size:      200.12K
Created:   2020-05-31 12:00:00

Name:      f
Type:      File
Original:  /foo/path/f
Size:      13.07M
Created:   2020-05-31 12:00:00

Name:      d
Type:      Directory
Original:  /d
Size:      5000.00Y
Created:   2020-05-31 12:00:00