Name                                               | Type      | Size    | Original | Created
---------------------------------------------------------------------------------------------------------
bazzz                                              | File      | 5.00K   | /path... | 2020-05-31 12:00:00
d                                                  | Directory | 5000... | /d       | 2020-05-31 12:00:00
dir                                                | Directory | 20.23K  | /some... | 2020-05-31 12:00:00
f                                                  | File      | 13.07M  | /foo/... | 2020-05-31 12:00:00
foo                                                | File      | 70.00B  | /path... | 2020-05-31 12:00:00
z                                                  | File      | 200.12K | /z       | 2020-05-31 12:00:00