Name                    | Original                            | Type | Size    | Created
----------------------------------------------------------------------------------------------------
bbbbbbbbbbbbbbbbbbbb... | bar                                 | F    | 10.00B  | 2020-05-31 12:00:00
foo                     | ffffffffffffffffffffffffffffffff... | F    | 70.00B  | 2020-05-31 12:00:00
