Name                  | Type      | Size    | Original                         | Created
----------------------------------------------------------------------------------------------------
bbbbbbbbbbbbbbbbbb... | File      | 10.00B  | bar                              | 2020-05-31 12:00:00
foo                   | File      | 10.00B  | fffffffffffffffffffffffffffff... | 2020-05-31 12:00:00