Name       | Original               | Type | Size    | Created
--------------------------------------------------------------------------
bazzz      | /path/bar/bazzz        | F    | 5.00K   | 2020-06-30 12:00:00
d          | /d                     | D    | 5000... | 2020-05-31 12:00:00
dir        | /some/really/really... | D    | 20.23K  | 2020-05-31 12:00:00
f          | /foo/path/f            | F    | 13.07M  | 2020-06-30 12:00:00
foo        | /path/foo              | F    | 70.00B  | 2020-05-31 12:00:00
z          | /z                     | F    | 200.12K | 2020-06-30 12:00:00
