Name                    | Type | Size    | Original                            | Created
----------------------------------------------------------------------------------------------------
bbbbbbbbbbbbbbbbbbbb... | F    | 10.00B  | bar                                 | 2020-05-31 12:00:00
foo                     | F    | 10.00B  | ffffffffffffffffffffffffffffffff... | 2020-05-31 12:00:00